Starting Mobile (Static) Build...
node : 'next' is not recognized as an internal or 
external command,
At line:1 char:1
+ node scripts/build-mobile.js > build_error.log 2>&1
+ ~~~~~~~~~~~~~~~~~~~~~~~~~~~~~~~~~~~~~~~~~~~~~~~~~~~
    + CategoryInfo          : NotSpecified: ('next'  
   is not r...ternal command,:String) [], RemoteExc  
  eption
    + FullyQualifiedErrorId : NativeCommandError
 
operable program or batch file.
Build Failed: Command failed: next build
